// Jest Snapshot v1, https://goo.gl/fbAQLP

exports[`Counter component matches snapshot 1`] = `
<div>
  <p>
    0
  </p>
  <button
    onClick={[Function]}
  >
    Click
  </button>
</div>
`;
